2026-04-18 13:54:55,202 [INFO] timm.models._builder: Loading pretrained weights from Hugging Face hub (timm/efficientnetv2_rw_s.ra2_in1k)
2026-04-18 13:54:55,828 [INFO] timm.models._hub: [timm/efficientnetv2_rw_s.ra2_in1k] Safe alternative available for 'pytorch_model.bin' (as 'model.safetensors'). Loading weights using safetensors.
2026-04-18 13:54:55,893 [INFO] timm.models._builder: Missing keys (classifier.weight, classifier.bias) discovered while loading pretrained weights. This is expected if model is being adapted.
2026-04-18 14:00:10,694 [INFO] timm.models._builder: Loading pretrained weights from Hugging Face hub (timm/efficientnetv2_rw_s.ra2_in1k)
2026-04-18 14:00:11,281 [INFO] timm.models._hub: [timm/efficientnetv2_rw_s.ra2_in1k] Safe alternative available for 'pytorch_model.bin' (as 'model.safetensors'). Loading weights using safetensors.
2026-04-18 14:00:11,348 [INFO] timm.models._builder: Missing keys (classifier.weight, classifier.bias) discovered while loading pretrained weights. This is expected if model is being adapted.
2026-07-14 11:46:53,065 [INFO] KisanHub: 📡 Hub Logging System Initialized.
2026-07-14 12:39:01,467 [INFO] KisanHub: 📡 Hub Logging System Initialized.
2026-07-14 14:31:38,381 [INFO] KisanHub: 📡 Hub Logging System Initialized.
2026-07-14 14:37:56,137 [INFO] KisanHub: 📡 Hub Logging System Initialized.
2026-07-14 14:39:59,285 [INFO] KisanHub: 📡 Hub Logging System Initialized.
2026-07-14 16:22:24,787 [INFO] KisanHub: 📡 Hub Logging System Initialized.
2026-07-14 16:24:11,901 [INFO] KisanHub: 📡 Hub Logging System Initialized.
2026-07-14 16:24:20,781 [INFO] KisanHub: 📡 Hub Logging System Initialized.
2026-07-14 16:27:32,010 [INFO] KisanHub: 📡 Hub Logging System Initialized.
2026-08-04 18:30:42,943 [INFO] KisanHub: 📡 Hub Logging System Initialized.
2026-08-04 18:58:46,699 [INFO] KisanHub: 📡 Hub Logging System Initialized.
2026-08-04 19:18:41,541 [INFO] KisanHub: 📡 Hub Logging System Initialized.
2026-08-04 19:19:40,646 [INFO] KisanHub: 📡 Hub Logging System Initialized.
2026-08-20 17:05:07,474 [INFO] KisanHub: 📡 Hub Logging System Initialized.
2026-08-20 18:39:16,727 [INFO] KisanHub: 📡 Hub Logging System Initialized.
2026-08-20 18:39:54,229 [INFO] KisanHub: 📡 Hub Logging System Initialized.
2026-08-21 09:24:46,443 [ERROR] KisanHub: ❌ Validation Error for POST /api/telemetry: [{'type': 'missing', 'loc': ('body', 'cow_id'), 'msg': 'Field required', 'input': {'farmer_name': 'Farmer_Geetha', 'mobile_number': '9876543210', 'farm_name': 'Kisan_Gitam_Farm', 'metrics': {'cpu_usage': 52.8, 'ram_usage': 81.7, 'gpu_temp': 53.9, 'cpu_temp': 54.4, 'fps': 10.0, 'inference_latency_ms': 0.0, 'model_version': 'v1.0', 'detection_count': 0, 'failure_count': 0}}, 'url': 'https://errors.pydantic.dev/2.12/v/missing'}, {'type': 'missing', 'loc': ('body', 'standing_duration'), 'msg': 'Field required', 'input': {'farmer_name': 'Farmer_Geetha', 'mobile_number': '9876543210', 'farm_name': 'Kisan_Gitam_Farm', 'metrics': {'cpu_usage': 52.8, 'ram_usage': 81.7, 'gpu_temp': 53.9, 'cpu_temp': 54.4, 'fps': 10.0, 'inference_latency_ms': 0.0, 'model_version': 'v1.0', 'detection_count': 0, 'failure_count': 0}}, 'url': 'https://errors.pydantic.dev/2.12/v/missing'}, {'type': 'missing', 'loc': ('body', 'lying_duration'), 'msg': 'Field required', 'input': {'farmer_name': 'Farmer_Geetha', 'mobile_number': '9876543210', 'farm_name': 'Kisan_Gitam_Farm', 'metrics': {'cpu_usage': 52.8, 'ram_usage': 81.7, 'gpu_temp': 53.9, 'cpu_temp': 54.4, 'fps': 10.0, 'inference_latency_ms': 0.0, 'model_version': 'v1.0', 'detection_count': 0, 'failure_count': 0}}, 'url': 'https://errors.pydantic.dev/2.12/v/missing'}, {'type': 'missing', 'loc': ('body', 'eating_duration'), 'msg': 'Field required', 'input': {'farmer_name': 'Farmer_Geetha', 'mobile_number': '9876543210', 'farm_name': 'Kisan_Gitam_Farm', 'metrics': {'cpu_usage': 52.8, 'ram_usage': 81.7, 'gpu_temp': 53.9, 'cpu_temp': 54.4, 'fps': 10.0, 'inference_latency_ms': 0.0, 'model_version': 'v1.0', 'detection_count': 0, 'failure_count': 0}}, 'url': 'https://errors.pydantic.dev/2.12/v/missing'}, {'type': 'missing', 'loc': ('body', 'rumination_duration'), 'msg': 'Field required', 'input': {'farmer_name': 'Farmer_Geetha', 'mobile_number': '9876543210', 'farm_name': 'Kisan_Gitam_Farm', 'metrics': {'cpu_usage': 52.8, 'ram_usage': 81.7, 'gpu_temp': 53.9, 'cpu_temp': 54.4, 'fps': 10.0, 'inference_latency_ms': 0.0, 'model_version': 'v1.0', 'detection_count': 0, 'failure_count': 0}}, 'url': 'https://errors.pydantic.dev/2.12/v/missing'}, {'type': 'missing', 'loc': ('body', 'activity_score'), 'msg': 'Field required', 'input': {'farmer_name': 'Farmer_Geetha', 'mobile_number': '9876543210', 'farm_name': 'Kisan_Gitam_Farm', 'metrics': {'cpu_usage': 52.8, 'ram_usage': 81.7, 'gpu_temp': 53.9, 'cpu_temp': 54.4, 'fps': 10.0, 'inference_latency_ms': 0.0, 'model_version': 'v1.0', 'detection_count': 0, 'failure_count': 0}}, 'url': 'https://errors.pydantic.dev/2.12/v/missing'}, {'type': 'missing', 'loc': ('body', 'timestamp'), 'msg': 'Field required', 'input': {'farmer_name': 'Farmer_Geetha', 'mobile_number': '9876543210', 'farm_name': 'Kisan_Gitam_Farm', 'metrics': {'cpu_usage': 52.8, 'ram_usage': 81.7, 'gpu_temp': 53.9, 'cpu_temp': 54.4, 'fps': 10.0, 'inference_latency_ms': 0.0, 'model_version': 'v1.0', 'detection_count': 0, 'failure_count': 0}}, 'url': 'https://errors.pydantic.dev/2.12/v/missing'}]
2026-08-21 09:24:46,443 [ERROR] KisanHub: 📦 Request Body: {"farmer_name": "Farmer_Geetha", "mobile_number": "9876543210", "farm_name": "Kisan_Gitam_Farm", "metrics": {"cpu_usage": 52.8, "ram_usage": 81.7, "gpu_temp": 53.9, "cpu_temp": 54.4, "fps": 10.0, "inference_latency_ms": 0.0, "model_version": "v1.0", "detection_count": 0, "failure_count": 0}}
